Copyright 1986-2018 Xilinx, Inc. All Rights Reserved.
-------------------------------------------------------------------------------------------
| Tool Version : Vivado v.2018.3 (win64) Build 2405991 Thu Dec  6 23:38:27 MST 2018
| Date         : Mon Oct 14 21:56:52 2024
| Host         : LAPTOP-293MO244 running 64-bit major release  (build 9200)
| Command      : report_control_sets -verbose -file nano_sc_system_control_sets_placed.rpt
| Design       : nano_sc_system
| Device       : xc7a35t
-------------------------------------------------------------------------------------------

Control Set Information

Table of Contents
-----------------
1. Summary
2. Histogram
3. Flip-Flop Distribution
4. Detailed Control Set Information

1. Summary
----------

+----------------------------------------------------------+-------+
|                          Status                          | Count |
+----------------------------------------------------------+-------+
| Number of unique control sets                            |   154 |
| Unused register locations in slices containing registers |   150 |
+----------------------------------------------------------+-------+


2. Histogram
------------

+--------+--------------+
| Fanout | Control Sets |
+--------+--------------+
|      1 |           18 |
|      2 |            1 |
|      4 |            5 |
|      6 |            1 |
|    16+ |          129 |
+--------+--------------+


3. Flip-Flop Distribution
-------------------------

+--------------+-----------------------+------------------------+-----------------+--------------+
| Clock Enable | Synchronous Set/Reset | Asynchronous Set/Reset | Total Registers | Total Slices |
+--------------+-----------------------+------------------------+-----------------+--------------+
| No           | No                    | No                     |              26 |           24 |
| No           | No                    | Yes                    |               0 |            0 |
| No           | Yes                   | No                     |               0 |            0 |
| Yes          | No                    | No                     |              16 |           14 |
| Yes          | No                    | Yes                    |               0 |            0 |
| Yes          | Yes                   | No                     |               0 |            0 |
+--------------+-----------------------+------------------------+-----------------+--------------+


4. Detailed Control Set Information
-----------------------------------

+----------------------------------------+------------------------------+------------------+------------------+----------------+
|              Clock Signal              |         Enable Signal        | Set/Reset Signal | Slice Load Count | Bel Load Count |
+----------------------------------------+------------------------------+------------------+------------------+----------------+
|  DATAMEM/genblk1[2].fDiv/clkDiv_reg_0  |                              |                  |                1 |              1 |
|  DATAMEM/genblk1[0].fDiv/clkDiv_reg_0  |                              |                  |                1 |              1 |
|  DATAMEM/genblk1[3].fDiv/clkDiv_reg_0  |                              |                  |                1 |              1 |
|  DATAMEM/genblk1[10].fDiv/clkDiv_reg_0 |                              |                  |                1 |              1 |
|  DATAMEM/genblk1[5].fDiv/clkDiv_reg_0  |                              |                  |                1 |              1 |
|  DATAMEM/genblk1[6].fDiv/clkDiv_reg_0  |                              |                  |                1 |              1 |
|  DATAMEM/genblk1[9].fDiv/clkDiv_reg_0  |                              |                  |                1 |              1 |
|  DATAMEM/genblk1[4].fDiv/clkDiv_reg_0  |                              |                  |                1 |              1 |
|  DATAMEM/genblk1[7].fDiv/clkDiv_reg_0  |                              |                  |                1 |              1 |
|  DATAMEM/genblk1[11].fDiv/clkDiv_reg_0 |                              |                  |                1 |              1 |
|  DATAMEM/genblk1[8].fDiv/clkDiv_reg_0  |                              |                  |                1 |              1 |
|  DATAMEM/genblk1[15].fDiv/clkDiv_reg_0 |                              |                  |                1 |              1 |
|  DATAMEM/genblk1[12].fDiv/clkDiv_reg_0 |                              |                  |                1 |              1 |
|  DATAMEM/genblk1[14].fDiv/clkDiv_reg_0 |                              |                  |                1 |              1 |
|  DATAMEM/genblk1[16].fDiv/clkDiv_reg_0 |                              |                  |                1 |              1 |
|  DATAMEM/genblk1[17].fDiv/clkDiv       |                              |                  |                1 |              1 |
|  DATAMEM/genblk1[13].fDiv/clkDiv_reg_0 |                              |                  |                1 |              1 |
|  DATAMEM/genblk1[1].fDiv/clkDiv_reg_0  |                              |                  |                1 |              1 |
|  DATAMEM/fdivTarget/CLK                |                              |                  |                2 |              2 |
|  clk_IBUF_BUFG                         | CPU/REGFILE/pc_reg[3]_128    |                  |                1 |              4 |
|  clk_IBUF_BUFG                         | CPU/REGFILE/pc_reg[3]_144[0] |                  |                4 |              4 |
|  clk_IBUF_BUFG                         | CPU/REGFILE/E[0]             |                  |                3 |              4 |
|  clk_IBUF_BUFG                         | CPU/REGFILE/pc_reg[3]_145[0] |                  |                4 |              4 |
|  clk_IBUF_BUFG                         | CPU/REGFILE/pc_reg[3]_143[0] |                  |                3 |              4 |
|  clk_IBUF_BUFG                         |                              |                  |                4 |              6 |
|  clk_IBUF_BUFG                         | CPU/REGFILE/pc_reg[3]_100    |                  |                4 |             16 |
|  clk_IBUF_BUFG                         | CPU/REGFILE/pc_reg[3]_114    |                  |                4 |             16 |
|  clk_IBUF_BUFG                         | CPU/REGFILE/pc_reg[3]_108    |                  |                4 |             16 |
|  clk_IBUF_BUFG                         | CPU/REGFILE/pc_reg[3]_14     |                  |                4 |             16 |
|  clk_IBUF_BUFG                         | CPU/REGFILE/pc_reg[3]_103    |                  |                4 |             16 |
|  clk_IBUF_BUFG                         | CPU/REGFILE/pc_reg[3]_102    |                  |                4 |             16 |
|  clk_IBUF_BUFG                         | CPU/REGFILE/pc_reg[3]_112    |                  |                4 |             16 |
|  clk_IBUF_BUFG                         | CPU/REGFILE/pc_reg[3]_1      |                  |                4 |             16 |
|  clk_IBUF_BUFG                         | CPU/REGFILE/pc_reg[3]_107    |                  |                4 |             16 |
|  clk_IBUF_BUFG                         | CPU/REGFILE/pc_reg[3]_13     |                  |                4 |             16 |
|  clk_IBUF_BUFG                         | CPU/REGFILE/pc_reg[3]_101    |                  |                4 |             16 |
|  clk_IBUF_BUFG                         | CPU/REGFILE/pc_reg[3]_116    |                  |                4 |             16 |
|  clk_IBUF_BUFG                         | CPU/REGFILE/pc_reg[3]_15     |                  |                4 |             16 |
|  clk_IBUF_BUFG                         | CPU/REGFILE/pc_reg[3]_105    |                  |                4 |             16 |
|  clk_IBUF_BUFG                         | CPU/REGFILE/pc_reg[3]_104    |                  |                4 |             16 |
|  clk_IBUF_BUFG                         | CPU/REGFILE/pc_reg[3]_110    |                  |                4 |             16 |
|  clk_IBUF_BUFG                         | CPU/REGFILE/pc_reg[3]_10     |                  |                4 |             16 |
|  clk_IBUF_BUFG                         | CPU/REGFILE/pc_reg[3]_117    |                  |                4 |             16 |
|  clk_IBUF_BUFG                         | CPU/REGFILE/pc_reg[3]_122    |                  |                4 |             16 |
|  clk_IBUF_BUFG                         | CPU/REGFILE/pc_reg[3]_119    |                  |                4 |             16 |
|  clk_IBUF_BUFG                         | CPU/REGFILE/pc_reg[3]_111    |                  |                4 |             16 |
|  clk_IBUF_BUFG                         | CPU/REGFILE/pc_reg[3]_125    |                  |                4 |             16 |
|  clk_IBUF_BUFG                         | CPU/REGFILE/pc_reg[3]_126    |                  |                4 |             16 |
|  clk_IBUF_BUFG                         | CPU/REGFILE/pc_reg[3]_115    |                  |                4 |             16 |
|  clk_IBUF_BUFG                         | CPU/REGFILE/pc_reg[3]_106    |                  |                4 |             16 |
|  clk_IBUF_BUFG                         | CPU/REGFILE/pc_reg[3]_118    |                  |                4 |             16 |
|  clk_IBUF_BUFG                         | CPU/REGFILE/pc_reg[3]_120    |                  |                4 |             16 |
|  clk_IBUF_BUFG                         | CPU/REGFILE/pc_reg[3]_127    |                  |                4 |             16 |
|  clk_IBUF_BUFG                         | CPU/REGFILE/pc_reg[3]_12     |                  |                4 |             16 |
|  clk_IBUF_BUFG                         | CPU/REGFILE/pc_reg[3]        |                  |                4 |             16 |
|  clk_IBUF_BUFG                         | CPU/REGFILE/pc_reg[3]_113    |                  |                4 |             16 |
|  clk_IBUF_BUFG                         | CPU/REGFILE/pc_reg[3]_121    |                  |                4 |             16 |
|  clk_IBUF_BUFG                         | CPU/REGFILE/pc_reg[3]_36     |                  |                4 |             16 |
|  clk_IBUF_BUFG                         | CPU/REGFILE/pc_reg[3]_3      |                  |                4 |             16 |
|  clk_IBUF_BUFG                         | CPU/REGFILE/pc_reg[3]_58     |                  |                4 |             16 |
|  clk_IBUF_BUFG                         | CPU/REGFILE/pc_reg[3]_6      |                  |                4 |             16 |
|  clk_IBUF_BUFG                         | CPU/REGFILE/pc_reg[3]_63     |                  |                4 |             16 |
|  clk_IBUF_BUFG                         | CPU/REGFILE/pc_reg[3]_2      |                  |                4 |             16 |
|  clk_IBUF_BUFG                         | CPU/REGFILE/pc_reg[3]_65     |                  |                4 |             16 |
|  clk_IBUF_BUFG                         | CPU/REGFILE/pc_reg[3]_64     |                  |                4 |             16 |
|  clk_IBUF_BUFG                         | CPU/REGFILE/pc_reg[3]_30     |                  |                4 |             16 |
|  clk_IBUF_BUFG                         | CPU/REGFILE/pc_reg[3]_24     |                  |                4 |             16 |
|  clk_IBUF_BUFG                         | CPU/REGFILE/pc_reg[3]_44     |                  |                4 |             16 |
|  clk_IBUF_BUFG                         | CPU/REGFILE/pc_reg[3]_66     |                  |                4 |             16 |
|  clk_IBUF_BUFG                         | CPU/REGFILE/pc_reg[3]_37     |                  |                4 |             16 |
|  clk_IBUF_BUFG                         | CPU/REGFILE/pc_reg[3]_69     |                  |                4 |             16 |
|  clk_IBUF_BUFG                         | CPU/REGFILE/pc_reg[3]_57     |                  |                4 |             16 |
|  clk_IBUF_BUFG                         | CPU/REGFILE/pc_reg[3]_7      |                  |                4 |             16 |
|  clk_IBUF_BUFG                         | CPU/REGFILE/pc_reg[3]_70     |                  |                4 |             16 |
|  clk_IBUF_BUFG                         | CPU/REGFILE/pc_reg[3]_71     |                  |                4 |             16 |
|  clk_IBUF_BUFG                         | CPU/REGFILE/pc_reg[3]_72     |                  |                4 |             16 |
|  clk_IBUF_BUFG                         | CPU/REGFILE/pc_reg[3]_68     |                  |                4 |             16 |
|  clk_IBUF_BUFG                         | CPU/REGFILE/pc_reg[3]_73     |                  |                4 |             16 |
|  clk_IBUF_BUFG                         | CPU/REGFILE/pc_reg[3]_56     |                  |                4 |             16 |
|  clk_IBUF_BUFG                         | CPU/REGFILE/pc_reg[3]_52     |                  |                4 |             16 |
|  clk_IBUF_BUFG                         | CPU/REGFILE/pc_reg[3]_18     |                  |                4 |             16 |
|  clk_IBUF_BUFG                         | CPU/REGFILE/pc_reg[3]_29     |                  |                4 |             16 |
|  clk_IBUF_BUFG                         | CPU/REGFILE/pc_reg[3]_32     |                  |                4 |             16 |
|  clk_IBUF_BUFG                         | CPU/REGFILE/pc_reg[3]_45     |                  |                4 |             16 |
|  clk_IBUF_BUFG                         | CPU/REGFILE/pc_reg[3]_39     |                  |                4 |             16 |
|  clk_IBUF_BUFG                         | CPU/REGFILE/pc_reg[3]_62     |                  |                4 |             16 |
|  clk_IBUF_BUFG                         | CPU/REGFILE/pc_reg[3]_22     |                  |                4 |             16 |
|  clk_IBUF_BUFG                         | CPU/REGFILE/pc_reg[3]_48     |                  |                4 |             16 |
|  clk_IBUF_BUFG                         | CPU/REGFILE/pc_reg[3]_55     |                  |                4 |             16 |
|  clk_IBUF_BUFG                         | CPU/REGFILE/pc_reg[3]_59     |                  |                4 |             16 |
|  clk_IBUF_BUFG                         | CPU/REGFILE/pc_reg[3]_23     |                  |                4 |             16 |
|  clk_IBUF_BUFG                         | CPU/REGFILE/pc_reg[3]_28     |                  |                4 |             16 |
|  clk_IBUF_BUFG                         | CPU/REGFILE/pc_reg[3]_49     |                  |                4 |             16 |
|  clk_IBUF_BUFG                         | CPU/REGFILE/pc_reg[3]_16     |                  |                4 |             16 |
|  clk_IBUF_BUFG                         | CPU/REGFILE/pc_reg[3]_46     |                  |                4 |             16 |
|  clk_IBUF_BUFG                         | CPU/REGFILE/pc_reg[3]_60     |                  |                4 |             16 |
|  clk_IBUF_BUFG                         | CPU/REGFILE/pc_reg[3]_50     |                  |                4 |             16 |
|  clk_IBUF_BUFG                         | CPU/REGFILE/pc_reg[3]_54     |                  |                4 |             16 |
|  clk_IBUF_BUFG                         | CPU/REGFILE/pc_reg[3]_61     |                  |                4 |             16 |
|  clk_IBUF_BUFG                         | CPU/REGFILE/pc_reg[3]_67     |                  |                4 |             16 |
|  clk_IBUF_BUFG                         | CPU/REGFILE/pc_reg[3]_27     |                  |                4 |             16 |
|  clk_IBUF_BUFG                         | CPU/REGFILE/pc_reg[3]_35     |                  |                4 |             16 |
|  clk_IBUF_BUFG                         | CPU/REGFILE/pc_reg[3]_21     |                  |                4 |             16 |
|  clk_IBUF_BUFG                         | CPU/REGFILE/pc_reg[3]_5      |                  |                4 |             16 |
|  clk_IBUF_BUFG                         | CPU/REGFILE/pc_reg[3]_53     |                  |                4 |             16 |
|  clk_IBUF_BUFG                         | CPU/REGFILE/pc_reg[3]_41     |                  |                4 |             16 |
|  clk_IBUF_BUFG                         | CPU/REGFILE/pc_reg[3]_25     |                  |                4 |             16 |
|  clk_IBUF_BUFG                         | CPU/REGFILE/pc_reg[3]_31     |                  |                4 |             16 |
|  clk_IBUF_BUFG                         | CPU/REGFILE/pc_reg[3]_40     |                  |                4 |             16 |
|  clk_IBUF_BUFG                         | CPU/REGFILE/pc_reg[3]_42     |                  |                4 |             16 |
|  clk_IBUF_BUFG                         | CPU/REGFILE/pc_reg[3]_26     |                  |                4 |             16 |
|  clk_IBUF_BUFG                         | CPU/REGFILE/pc_reg[3]_34     |                  |                4 |             16 |
|  clk_IBUF_BUFG                         | CPU/REGFILE/pc_reg[3]_38     |                  |                4 |             16 |
|  clk_IBUF_BUFG                         | CPU/REGFILE/pc_reg[3]_4      |                  |                4 |             16 |
|  clk_IBUF_BUFG                         | CPU/REGFILE/pc_reg[3]_43     |                  |                4 |             16 |
|  clk_IBUF_BUFG                         | CPU/REGFILE/pc_reg[3]_109    |                  |                4 |             16 |
|  clk_IBUF_BUFG                         | CPU/REGFILE/pc_reg[3]_33     |                  |                4 |             16 |
|  clk_IBUF_BUFG                         | CPU/REGFILE/pc_reg[3]_17     |                  |                4 |             16 |
|  clk_IBUF_BUFG                         | CPU/REGFILE/pc_reg[3]_20     |                  |                4 |             16 |
|  clk_IBUF_BUFG                         | CPU/REGFILE/pc_reg[3]_47     |                  |                4 |             16 |
|  clk_IBUF_BUFG                         | CPU/REGFILE/pc_reg[3]_51     |                  |                4 |             16 |
|  clk_IBUF_BUFG                         | CPU/REGFILE/pc_reg[3]_76     |                  |                4 |             16 |
|  clk_IBUF_BUFG                         | CPU/REGFILE/pc_reg[3]_75     |                  |                4 |             16 |
|  clk_IBUF_BUFG                         | CPU/REGFILE/pc_reg[3]_93     |                  |                4 |             16 |
|  clk_IBUF_BUFG                         | CPU/REGFILE/pc_reg[3]_8      |                  |                4 |             16 |
|  clk_IBUF_BUFG                         | CPU/REGFILE/pc_reg[3]_80     |                  |                4 |             16 |
|  clk_IBUF_BUFG                         | CPU/REGFILE/pc_reg[3]_99     |                  |                4 |             16 |
|  clk_IBUF_BUFG                         | CPU/REGFILE/pc_reg[3]_91     |                  |                4 |             16 |
|  clk_IBUF_BUFG                         | CPU/REGFILE/pc_reg[3]_79     |                  |                4 |             16 |
|  clk_IBUF_BUFG                         | CPU/REGFILE/pc_reg[3]_86     |                  |                4 |             16 |
|  clk_IBUF_BUFG                         | CPU/REGFILE/pc_reg[3]_96     |                  |                4 |             16 |
|  clk_IBUF_BUFG                         | CPU/REGFILE/pc_reg[3]_90     |                  |                4 |             16 |
|  clk_IBUF_BUFG                         | CPU/REGFILE/pc_reg[3]_97     |                  |                4 |             16 |
|  clk_IBUF_BUFG                         | CPU/REGFILE/pc_reg[3]_83     |                  |                4 |             16 |
|  clk_IBUF_BUFG                         | CPU/REGFILE/pc_reg[3]_19     |                  |                4 |             16 |
|  clk_IBUF_BUFG                         | CPU/REGFILE/pc_reg[3]_82     |                  |                4 |             16 |
|  clk_IBUF_BUFG                         | CPU/REGFILE/pc_reg[3]_95     |                  |                4 |             16 |
|  clk_IBUF_BUFG                         | CPU/REGFILE/pc_reg[3]_98     |                  |                4 |             16 |
|  clk_IBUF_BUFG                         | CPU/REGFILE/pc_reg[3]_88     |                  |                4 |             16 |
|  clk_IBUF_BUFG                         | CPU/REGFILE/pc_reg[3]_81     |                  |                4 |             16 |
|  clk_IBUF_BUFG                         | CPU/REGFILE/pc_reg[3]_84     |                  |                4 |             16 |
|  clk_IBUF_BUFG                         | CPU/REGFILE/pc_reg[3]_85     |                  |                4 |             16 |
|  clk_IBUF_BUFG                         | CPU/REGFILE/pc_reg[3]_92     |                  |                4 |             16 |
|  clk_IBUF_BUFG                         | CPU/REGFILE/pc_reg[3]_89     |                  |                4 |             16 |
|  clk_IBUF_BUFG                         | CPU/REGFILE/pc_reg[3]_87     |                  |                4 |             16 |
|  clk_IBUF_BUFG                         | CPU/REGFILE/pc_reg[3]_78     |                  |                4 |             16 |
|  clk_IBUF_BUFG                         | CPU/REGFILE/pc_reg[3]_77     |                  |                4 |             16 |
|  clk_IBUF_BUFG                         | CPU/REGFILE/pc_reg[3]_74     |                  |                4 |             16 |
|  clk_IBUF_BUFG                         | CPU/REGFILE/pc_reg[3]_94     |                  |                4 |             16 |
|  clk_IBUF_BUFG                         | CPU/REGFILE/pc_reg[3]_123    |                  |                4 |             16 |
|  clk_IBUF_BUFG                         | CPU/REGFILE/pc_reg[3]_124    |                  |                4 |             16 |
|  clk_IBUF_BUFG                         | CPU/REGFILE/pc_reg[3]_11     |                  |                4 |             16 |
|  clk_IBUF_BUFG                         | CPU/REGFILE/pc_reg[3]_9      |                  |                4 |             16 |
|  clk_IBUF_BUFG                         | CPU/REGFILE/reg_wr           |                  |               12 |             96 |
+----------------------------------------+------------------------------+------------------+------------------+----------------+


